*****************************************************************
      SolidWorks Corporation - IGES Processor Status Report
*****************************************************************
=================================================================
General Information
=================================================================
Sending System Product I.D.  : Unknown
Receiving System Product I.D.: Unknown
File Name                    : C:\Project Files B\arm\EXPORT\curcuits\baord_superior.igs
Sending System               : Autodesk DirectConnect 8.0.56.1
Preprocessor Version         : 8.0.56.1
File Creation Date           : 20160102.192249
Model Creation Date          : 20160102.192249
Units                        : CM
Model Space Scale            : 1
Author                       : dmb
Organization                 : Unknown


=================================================================
Entity Processing Information
=================================================================


=================================================================
Precision analysis of IGES file:
=================================================================
  Most prevalent number of significant digits:              13
  Highest number of significant digits:                     13
  Average number of significant digits:                12.7584
  Maximum distance to origin:                          4.31495
  Minimum distance to origin:                          2.44026
  Effective number of significant digits:              12.4433


=================================================================
Entity Summary
=================================================================
-----------------------------------------------------------------
Type Name                                         Count Converted
---- ----                                         ----- ---------
128  Rational B-spline surface                       12        12
314  Color definition                                 1         1
_________________________________________________________________


=================================================================
Result Summary
=================================================================
SolidWorks Feature Type                Count
-----------------------                -----
Solid feature(s)                       2
Surface feature(s)                     0
Curve/Sketch feature(s)                0
--------------------------------------------
Start time: Sunday, January 03, 2016 07:47:02
Finish time: Sunday, January 03, 2016 07:47:08
Processing time: 0 days, 00 hours, 00 mins, 06 secs
